I'm sorry, but errors were detected in your script. Please correct the
errors listed below, and try again.


File "game/office.rpy", line 26: Line is indented, but the preceding scene statement statement does not expect a block. Please check this line's indentation.
    $ location = "desk"
    ^

Ren'Py Version: Ren'Py 6.17.4.409
